// Vitest Snapshot v1, https://vitest.dev/guide/snapshot.html

exports[`AGENT_SKILL > is pinned to an exact, reviewed guide 1`] = `
"# Driveline — Bring Your Own Agent (BYOA) skill (v6)

Driveline is a browser-first, server-less viewer for synchronised video and
high-rate signal data. Everything runs in the page: the data you push stays in
this browser tab, is never uploaded, and is held in memory for the session.

\`window.__drivelineAgent\` is the automation surface. You are reading its
self-describing guide right now via \`getSkill()\`. Pair it with
\`describe()\` for a machine-readable manifest of every method.

## Unlock the full surface

Discovery is always on: \`version\`, \`getSkill()\` and \`describe()\` work on any
page load. Every MUTATING or data-reading op (\`addDataSource\`,
\`fetchChannelRange\`, \`createPanel\`, \`bindChannels\`, \`setCursor\`, events, …) is
gated behind the \`?agent\` query param. If those methods are missing, reload
the page with \`?agent\` appended to the URL, e.g.
\`https://<host>/?agent\`, then read this skill again.

## The timestamp rule (important)

Every nanosecond timestamp crosses this API as a DECIMAL STRING, never a JS
number. Nanosecond values exceed 2^53, so a JS \`number\` (and JSON) would lose
precision. Pass and read ns as strings like \`"1532671467005757531"\`.

## Push your own data — addDataSource

Send channels as columnar JSON. No files, no URLs:

\`\`\`ts
interface AgentDataSourceSpec {
  name: string;                       // source label, e.g. "my-agent-run"
  channels: Array<{
    name: string;                     // e.g. "vehicle/speed" (slashes build the tree)
    unit?: string;                    // e.g. "m/s"
    kind?: "scalar" | "enum";         // default "scalar"
    timestampsNs: string[];           // decimal-string ns, non-decreasing, length N
    values: number[];                 // length N; enum -> integer codes
  }>;
}

// returns { sourceId, channels: [{ id, name }] }  — or null on any validation
// failure (empty name/channels, mismatched array lengths, unparseable or
// non-decreasing timestamps). It never throws.
addDataSource(spec: AgentDataSourceSpec): { sourceId: string; channels: Array<{ id: string; name: string }> } | null;
\`\`\`

### Worked example — push a sine wave and plot it

\`\`\`js
const agent = window.__drivelineAgent;

// 1. Build ~600 samples of a 0.2 Hz sine "vehicle/speed" channel at 50 Hz,
//    starting at an arbitrary epoch. ns are DECIMAL STRINGS.
const N = 600;
const startNs = 1_700_000_000_000_000_000n; // bigint while building
const stepNs = 20_000_000n;                 // 20 ms = 50 Hz
const timestampsNs = [];
const values = [];
for (let i = 0; i < N; i++) {
  timestampsNs.push((startNs + stepNs * BigInt(i)).toString());
  values.push(20 + 15 * Math.sin((2 * Math.PI * 0.2 * i) / 50));
}

const added = agent.addDataSource({
  name: "my-agent-run",
  channels: [{ name: "vehicle/speed", unit: "m/s", kind: "scalar", timestampsNs, values }],
});
// added.channels[0].id is the qualified channel id used by every other op.
const speedId = added.channels[0].id;

// 2. Visualise it: mint a plot panel and bind the channel.
const panelId = agent.createPanel("plot");
agent.bindChannels(panelId, [speedId]);

// 3. Park the cursor in the middle so the plot + transport line up.
const snap = agent.getSessionSnapshot();
agent.setCursor(snap.globalRange.startNs); // ns string
\`\`\`

### Map example — bind lat/lon

\`\`\`js
const added = agent.addDataSource({
  name: "gps-run",
  channels: [
    { name: "gps/latitude",  unit: "deg", timestampsNs, values: lat },
    { name: "gps/longitude", unit: "deg", timestampsNs, values: lon },
  ],
});
// added.channels preserves the order you sent, so index by position. (The
// returned .name is the DISPLAY name and comes back leading-slashed, e.g.
// "/gps/latitude" — don't try to match it against the un-slashed input name.)
const [latId, lonId] = added.channels.map((c) => c.id);
const panelId = agent.createPanel("map");
agent.setMapBinding(panelId, latId, lonId);
\`\`\`

## Lay out panels

- \`createPanel(kind)\` → \`panelId | null\`. \`kind\` is one of
  \`plot\`/\`map\`/\`enum\`/\`table\`/\`value\`/\`video\`/\`scene\`.
- \`bindChannels(panelId, channelIds)\` → \`boolean\`. Appends scalar/enum channels
  to a \`plot\`/\`enum\`/\`table\`/\`value\` panel. Rejected whole (\`false\`) if any id
  is unknown or the per-panel cap would be exceeded.
- \`setMapBinding(panelId, latId, lonId)\` → \`boolean\` for a \`map\` panel.
- \`closePanel(panelId)\` → \`boolean\`.

### 3D scene geometry — point clouds, boxes, trajectories, road maps

The \`scene\` panel renders 3D geometry channels. A channel's \`kind\` (from
\`listChannels()\`) selects what it shows: \`point_cloud\` (LiDAR), \`bounding_box\`
(labelled 3D boxes), \`trajectory\` (predicted ego paths), and \`map_geometry\`
(a road network — lane boundaries, road edges, centerlines, crosswalks, stop
lines — coloured by feature type).

Scene channels bind one-at-a-time via \`setSceneBinding(panelId, channelId)\`
(v4+) — NOT \`bindChannels\` (which targets plot/enum/table/value); pass \`null\`
to clear. To display a LiDAR cloud:

\`\`\`js
const cloud = listChannels().find((c) => c.kind === "point_cloud");
const panel = createPanel("scene");
setSceneBinding(panel, cloud.id);
\`\`\`

Geometry sources load through the file-open path — file BYTES enter via the
page's drop seam (\`[data-testid="drop-zone"]\`, or \`openFiles\` on the DEV hook),
not this API. A raw **NVIDIA Alpamayo** LiDAR \`.parquet\` is Draco-decoded
in-browser (no conversion) and surfaces as a \`point_cloud\` channel; road maps
are an OpenDRIVE \`.xodr\` or a simple \`drivelineMap\` JSON:

\`\`\`json
{ "drivelineMap": { "version": 1, "name": "intersection", "features": [
  { "type": "lane_boundary", "polyline": [[0,0,0],[10,0,0]] },
  { "type": "road_edge",     "polyline": [[0,-2],[10,-2]] }
] } }
\`\`\`

Map geometry is STATIC (one frame at ts=0): bind it to a scene panel once and
it renders without scrubbing the cursor.

## Read data back & drive transport

- \`listSources()\` / \`listChannels()\` — enumerate what is loaded (channel
  \`id\` + \`name\`; for an inline source the displayed name is leading-slashed,
  e.g. \`"/vehicle/speed"\`).
- \`fetchChannelRange(channelId, startNs, endNs, includePrev?)\` →
  \`{ rows, columns: [{ name, values }] }\` for \`[startNs, endNs)\`. The \`ts\`
  column arrives as decimal-string ns; \`value\` (scalar) or \`code\` (enum) as
  numbers. \`includePrev\` also returns the last sample before the window
  (step-hold). Resolves \`null\` for an unknown channel / unparseable bounds.
- \`getSessionSnapshot()\` →
  \`{ cursorNs, playing, speed, globalRange: { startNs, endNs } | null }\` (ns as
  strings; \`globalRange\` covers every loaded source, including yours — use
  \`startNs\`/\`endNs\` to park the cursor or size a fetch window).
- \`setCursor(ns)\` / \`play()\` / \`pause()\` / \`setSpeed(x)\` drive the transport.
- Events: \`addEvent({ ns?, label?, tags?, confidence? })\`, \`listEvents()\`,
  \`exportEvents()\`, \`importEvents(json, mode?)\` record machine findings.

## Read a moment without playing it (v5+)

You don't have to drive the transport (or open any panel) to inspect a frame.
These decode/sample at an explicit timestamp, off the live playback path, so a
human can keep watching uninterrupted while you analyse a different instant:

- \`captureVideoFrameAt(channelId, ns)\` → \`{ channelId, cameraName, ptsNs,
  width, height, dataUrl }\` — the camera frame nearest (at/before) \`ns\`,
  decoded on a throwaway decoder and returned as a PNG \`data:\` URL. Resolves
  \`null\` for an unknown/non-video channel or a \`ns\` with no covering frame.
  (\`captureVideoFrame(panelId?)\` is now an async alias that decodes a live
  video panel's camera frame at the CURRENT cursor via this same off-thread
  path — the panel's canvas is owned by the decode worker and can't be read
  back. It resolves \`{ channelId, cameraName, ptsNs, width, height, dataUrl }\`
  or \`null\`. Prefer \`...At\` when you want a specific timestamp.)
- \`snapshotAt(ns)\` → \`{ tsNs, cameras[], pointClouds[], scalars[], channels[] }\`
  — one call for everything at \`ns\`: a decoded frame per camera, the active
  LiDAR \`spinTsNs\` per point-cloud channel (fetch its points with
  \`fetchChannelRange(channelId, spinTsNs, spinTsNs+1)\`), every scalar's value
  at \`ns\`, and the channel inventory. Always resolves a bundle (empty arrays
  when nothing is loaded).

## Privacy

Everything stays in this browser tab. \`addDataSource\` holds your samples in
memory and serves them as ranged Arrow batches to the panels — nothing is
uploaded, written to disk, or sent to a server.
"
`;
